    1:1    keyword      mod=1 'SOURCE'
    1:8    variable     mod=0 '@smith2024'
    2:5    property     mod=0 'description'
    2:18   string       mod=0 'Qualitative study on community resilience strategies in urban contexts.'
    3:1    keyword      mod=1 'END'
    3:5    keyword      mod=1 'SOURCE'
    5:1    keyword      mod=1 'ITEM'
    5:6    variable     mod=0 '@smith2024'
    6:5    property     mod=0 'citation'
    6:15   string       mod=0 '"People here look out for each other. When the flood came, nobody waited'
    7:9    string       mod=0 'for official help — neighbors just organized themselves."'
    9:5    property     mod=0 'note'
    9:11   string       mod=0 'Participant describes spontaneous collective action as a primary resilience'
   10:9    string       mod=0 'mechanism, bypassing formal institutions. Suggests strong bonding social capital.'
   12:5    property     mod=0 'code'
   12:11   string       mod=0 'Social_Cohesion, Collective_Action, Teste_IEBT'
   13:1    keyword      mod=1 'END'
   13:5    keyword      mod=1 'ITEM'
