    1:1    namespace    mod=0 'TEMPLATE'
    1:10   string       mod=0 'lattes'
    2:1    comment      mod=0 '# version: 0.10.0'
    3:1    comment      mod=0 '# author: Quinto Andar Case Study'
    4:1    comment      mod=0 '# corpus: currículos Lattes de pesquisadores candidatos (68 perfis planejados)'
    5:1    comment      mod=0 '# domains: IA, Dados, Engenharia de Software, pesquisa aplicada'
    6:1    comment      mod=0 '#'
    7:1    comment      mod=0 '# ─────────────────────────────────────────────'
    8:1    comment      mod=0 '# FUNDAMENTOS TEÓRICOS'
    9:1    comment      mod=0 '# ─────────────────────────────────────────────'
   10:1    comment      mod=0 '#'
   11:1    comment      mod=0 '# O currículo Lattes é o documento oficial de registro de carreira acadêmica'
   12:1    comment      mod=0 '# no contexto brasileiro — presume-se que toda informação relevante de um'
   13:1    comment      mod=0 '# pesquisador esteja registrada nele, estruturada em seções Markdown'
   14:1    comment      mod=0 '# previsíveis. A extração parte dessa premissa e se divide em dois grupos'
   15:1    comment      mod=0 '# temáticos complementares:'
   16:1    comment      mod=0 '#'
   17:1    comment      mod=0 '#   SISTEMATIZAÇÃO DA FORMAÇÃO PROFISSIONAL — abordagem sistemática e'
   18:1    comment      mod=0 '#   determinística, focada em categorização. Identifica a zona curricular do'
   19:1    comment      mod=0 '#   trecho e, quando a evidência sustentar, aplica um score segundo o'
   20:1    comment      mod=0 '#   critério do Golden List correspondente. A zona não tem função própria'
   21:1    comment      mod=0 '#   além de habilitar essa localização — não gera entrada de ontologia nem é'
   22:1    comment      mod=0 '#   avaliada por si; sua única finalidade é restringir a busca de trechos ao'
   23:1    comment      mod=0 '#   segmento do currículo onde um critério pode legitimamente ser evidenciado.'
   24:1    comment      mod=0 '#'
   25:1    comment      mod=0 '#   MAPEAMENTO SISTÊMICO DE CONHECIMENTO — abordagem sistêmica e'
   26:1    comment      mod=0 '#   interpretativa. Identifica conceitos técnicos relevantes ao domínio de'
   27:1    comment      mod=0 '#   IA/Dados e os inter-relaciona como grafo de conhecimento, com trilha de'
   28:1    comment      mod=0 '#   auditoria (`memo`) para cada vínculo registrado.'
   29:1    comment      mod=0 '#'
   30:1    comment      mod=0 '# ZONEAMENTO CURRICULAR — LSZ (Lattes Semantic Zones)'
   31:1    comment      mod=0 '#'
   32:1    comment      mod=0 '#   Adaptação do esquema CoreSC x AZ-II para currículos Lattes.'
   33:1    comment      mod=0 '#   Base original: Liakata, Teufel, Siddharthan e Batchelor (2010).'
   34:1    comment      mod=0 '#   "Corpora for conceptualisation and zoning of scientific papers."'
   35:1    comment      mod=0 '#   LREC, p. 2054–2061.'
   36:1    comment      mod=0 '#'
   37:1    comment      mod=0 '#   No Lattes, a estrutura de seções é um sinal primário forte: o título da'
   38:1    comment      mod=0 '#   seção Markdown determina a zona com quase nenhuma ambiguidade. O LSZ'
   39:1    comment      mod=0 '#   mapeia cada seção a uma função semântica análoga ao CoreSC/AZ-II:'
   40:1    comment      mod=0 '#'
   41:1    comment      mod=0 '#     Identificacao_Resumo   '
   42:1    comment      mod=0 '#     Formacao_Academica     '
   43:1    comment      mod=0 '#     Atuacao_Profissional  '
   44:1    comment      mod=0 '#     Pesquisa_Projetos      '
   45:1    comment      mod=0 '#     Eventos_Congressos    '
   46:1    comment      mod=0 '#     Producao_Bibliografica '
   47:1    comment      mod=0 '#     Orientacoes_Bancas    '
   48:1    comment      mod=0 '#     Premios_Titulos    '
   49:1    comment      mod=0 '#     Producao_Tecnica     '
   50:1    comment      mod=0 '#'
   51:1    comment      mod=0 '# ─────────────────────────────────────────────'
   52:1    comment      mod=0 '# ARQUITETURA DO TEMPLATE'
   53:1    comment      mod=0 '# ─────────────────────────────────────────────'
   54:1    comment      mod=0 '#'
   55:1    comment      mod=0 '# Cada SOURCE = 1 pesquisador (bibref = ID Lattes)'
   56:1    comment      mod=0 '# Cada ITEM   = 1 trecho curricular classificado em UMA zona LSZ, opcionalmente'
   57:1    comment      mod=0 '#               ligado a UM critério do Golden List Synesis com score sugerido.'
   58:1    comment      mod=0 '#               Um mesmo trecho pode gerar múltiplos ITEMs se evidenciar múltiplos'
   59:1    comment      mod=0 '#               critérios (ex.: Doutorado_Instituicao + Doutorado_Area).'
   60:1    comment      mod=0 '#'
   61:1    comment      mod=0 '# ARQUITETURA EM DUAS CAMADAS:'
   62:1    comment      mod=0 '#   1. ZONA curricular (`zona`): faixa semântica previsível do Lattes — uma por ITEM.'
   63:1    comment      mod=0 '#   2. CHAIN: todo conceito de conhecimento entra no grafo como nó de uma chain —'
   64:1    comment      mod=0 '#      não há mais CODE autônomo (`area_tematica`/`metodo` removidos). Relações'
   65:1    comment      mod=0 '#      causais/de aplicação (APPLIES, ENABLES, PREDICTS etc.) quando sustentadas'
   66:1    comment      mod=0 '#      pelo texto; ASSOCIATED_WITH como fallback obrigatório para co-ocorrência'
   67:1    comment      mod=0 '#      sem vínculo mais forte. Critério 5A (`criterio` + `score`)'
   68:1    comment      mod=0 '#      alimenta a avaliação do Golden List, independente da camada de chain.'
   69:1    comment      mod=0 '#      O campo `memo` (independente, opcional) registra interpretação analítica'
   70:1    comment      mod=0 '#      livre — incluindo a âncora textual e o raciocínio por trás de uma chain —'
   71:1    comment      mod=0 '#      quando o insight do trecho não se resolve inteiramente como par conceitual.'
   72:1    comment      mod=0 '#'
   73:1    comment      mod=0 '# REGRA DE OURO (do glossário): todo score exige trecho literal no campo `trecho`.'
   74:1    comment      mod=0 '#   Sem trecho que sustente → score 1 (ou "ausente"). NÃO inferir de plausibilidade.'
   75:1    comment      mod=0 '#'
   76:1    comment      mod=0 '# ─────────────────────────────────────────────'
   77:1    comment      mod=0 '# HISTÓRICO DE VERSÕES'
   78:1    comment      mod=0 '# ─────────────────────────────────────────────'
   79:1    comment      mod=0 '#'
   80:1    comment      mod=0 '# v0.10.0 — FIELD topic: categorias Output, Impact e Theory removidas do'
   81:1    comment      mod=0 '#           vocabulário fixo — zero ocorrências em 78 conceitos reais do corpus'
   82:1    comment      mod=0 '#           piloto (Lattes + Abstracts), evidência insuficiente para justificar'
   83:1    comment      mod=0 '#           3 das 8 categorias. Par de fronteira "Theory vs Knowledge" removido'
   84:1    comment      mod=0 '#           (órfão sem a categoria Theory). Vocabulário passa de 8 para 5'
   85:1    comment      mod=0 '#           categorias (Method, Technology, Knowledge, Innovation, Economics),'
   86:1    comment      mod=0 '#           mudança espelhada em abstracts.synt para manter o vocabulário de'
   87:1    comment      mod=0 '#           topic idêntico entre os dois templates (mesma razão que unifica as'
   88:1    comment      mod=0 '#           10 RELATIONS de chain). Anotações .syno anteriores continuam válidas'
   89:1    comment      mod=0 '#           (nenhum nó existente usava as categorias removidas).'
   90:1    comment      mod=0 '#'
   91:1    comment      mod=0 '# v0.9.0 — Conformidade com o documento de referência lattes_estrutura_template.md:'
   92:1    comment      mod=0 '#           (0) Campos `criterio_5a`/`score_sugerido` renomeados para `criterio`/'
   93:1    comment      mod=0 '#           `score` (paridade com abstracts.synt). (1) POLARIDADE de `score`'
   94:1    comment      mod=0 '#           INVERTIDA — agora 4 = melhor evidência, 1 = pior/ausente (ordem'
   95:1    comment      mod=0 '#           crescente), alinhada ao dashboard HTML "Scores — Lista Consolidada'
   96:1    comment      mod=0 '#           (Synesis v8)" e ao glossário 5A_criterios_curriculo_lattes.md'
   97:1    comment      mod=0 '#           original. As 14 réguas do FIELD score foram reescritas; anotações'
   98:1    comment      mod=0 '#           .syn anteriores à v0.9.0 usam a polaridade antiga e precisam de'
   99:1    comment      mod=0 '#           recodificação. (2) Zona nova `Eventos_Congressos` (seção'
  100:1    comment      mod=0 "#           '## Eventos'): participação/organização de congressos aciona"
  101:1    comment      mod=0 '#           Laboratorio_Pesquisa com a mesma régua de Pesquisa_Projetos.'
  102:1    comment      mod=0 '#           (3) Gatilho de Pesquisa_Projetos explicita as variantes'
  103:1    comment      mod=0 "#           '## Projetos de Desenvolvimento' e '## Projetos de Extensão'."
  104:1    comment      mod=0 '#           (4) Lista de PROIBIDO em `criterio` simplificada para citar apenas a'
  105:1    comment      mod=0 '#           categoria comportamental/cultural/mercado, sem nomes de versões'
  106:1    comment      mod=0 '#           anteriores do glossário.'
  107:1    comment      mod=0 '#'
  108:1    comment      mod=0 '# v0.8.0 — Migração estrutural completa para paridade com abstracts.synt v2.7:'
  109:1    comment      mod=0 '#           (1) FIELD confidence eliminado (definição e referência em ITEM'
  110:1    comment      mod=0 '#           FIELDS) — o corpus Lattes já é majoritariamente determinístico por'
  111:1    comment      mod=0 '#           título de seção Markdown; a triagem [H] deixa de depender de sinal'
  112:1    comment      mod=0 '#           próprio do template. (2) CODE autônomo eliminado: area_tematica e'
  113:1    comment      mod=0 '#           metodo removidos de ITEM FIELDS — todo conceito de domínio/método'
  114:1    comment      mod=0 '#           passa a entrar no grafo exclusivamente via chain (mesma lógica da'
  115:1    comment      mod=0 '#           v2.6 do abstracts: elimina nós "ilha" por construção). (3)'
  116:1    comment      mod=0 '#           Vocabulário de chain unificado ao do abstracts.synt: 10 relações'
  117:1    comment      mod=0 '#           PascalCase (APPLIES, USES, MEASURES, PART_OF, PREDICTS, ENABLES,'
  118:1    comment      mod=0 '#           INHIBITS, CONTRASTS_WITH, ASSOCIATED_WITH, RELATES_TO), substituindo'
  119:1    comment      mod=0 '#           as 6 relações lowercase próprias — resolve a divergência de'
  120:1    comment      mod=0 '#           vocabulário que impedia consultas GraphRAG uniformes entre os dois'
  121:1    comment      mod=0 '#           subgrafos (join via autor_lattes_id). (4) Campo `note` (pareado'
  122:1    comment      mod=0 '#           posicionalmente 1:1 com chain, contrato de parse rígido) renomeado'
  123:1    comment      mod=0 '#           e substituído por `memo`: mesma função de auditoria de chain, mas'
  124:1    comment      mod=0 '#           sem pareamento posicional — um único memo pode cobrir múltiplas'
  125:1    comment      mod=0 '#           chains do ITEM, citando cada par para desambiguar. (5) `chain` e'
  126:1    comment      mod=0 '#           `memo` migrados para `OPTIONAL BUNDLE chain, memo`, validado pelo'
  127:1    comment      mod=0 '#           compilador synesis >= 0.6.0: toda chain agora exige memo no mesmo'
  128:1    comment      mod=0 '#           ITEM e vice-versa (antes a co-dependência era apenas textual via'
  129:1    comment      mod=0 '#           GUIDELINES, sem validação automática). (6) ONTOLOGY FIELDS'
  130:1    comment      mod=0 '#           simplificado para paridade com abstracts.synt: `node_level` (distinção'
  131:1    comment      mod=0 '#           knowledge/theme) removido — a granularidade do conceito passa a ser'
  132:1    comment      mod=0 '#           expressa apenas na nomenclatura (ver HIERARQUIA DE REFERÊNCIA em'
  133:1    comment      mod=0 '#           FIELD chain), não em um campo paralelo de ontologia.'
  134:1    comment      mod=0 '#'
  135:1    comment      mod=0 '# v0.7.0 — Vocabulário de `chain`/`basis` expandido de 4 para 6 relações,'
  136:1    comment      mod=0 '#           em paridade com abstracts.synt v2.2 (measurement, contrast),'
  137:1    comment      mod=0 '#           preservando o join Neo4j via mesmo vocabulário de RELATIONS entre'
  138:1    comment      mod=0 '#           os dois templates. FIELD chain: novos blocos CASO measurement e'
  139:1    comment      mod=0 '#           CASO contrast, normalização de direção e guia por zona atualizados.'
  140:1    comment      mod=0 '#'
  141:1    comment      mod=0 '# v0.6.0 — Incorporação de estratégias do face85 v5.7:'
  142:1    comment      mod=0 '#           FIELD confidence adicionado (triagem [H] em corpus multi-chunk);'
  143:1    comment      mod=0 '#           FIELD chain reescrito: CASO-a-CASO, NORMALIZAÇÃO DE DIREÇÃO,'
  144:1    comment      mod=0 '#           GUIA POR ZONA, FATORES PARALELOS, COBERTURA, RESTRIÇÃO GAP;'
  145:1    comment      mod=0 '#           FIELD descricao: estrutura de 3 partes + proibição de causalidade;'
  146:1    comment      mod=0 '#           FIELD topic: PARES COM FRONTEIRA IMPRECISA adaptados ao corpus IA/dados;'
  147:1    comment      mod=0 '#           FIELD zona: par crítico Identificacao_Resumo/Pesquisa_Projetos;'
  148:1    comment      mod=0 '#           FIELD area_tematica: DIVISÃO DE COMPOSTOS + QUALIFICADORES CONTEXTUAIS;'
  149:1    comment      mod=0 '#           Cabeçalho expandido: fundamentos LSZ, pipeline [C][O][D][J][H],'
  150:1    comment      mod=0 '#           histórico de versões.'
  151:1    comment      mod=0 '#'
  152:1    comment      mod=0 '# v0.5.0 — Zoneamento semântico LSZ (CoreSC/AZ-II adaptado) + filtro 5A Framework.'
  153:1    comment      mod=0 '#           Arquitetura em 3 camadas: zona / criterio_5a+score_sugerido / chain+note.'
  154:1    comment      mod=0 '#'
  155:1    comment      mod=0 '# ─────────────────────────────────────────────'
  156:1    comment      mod=0 '# ASSIMETRIAS INTENCIONAIS EM RELAÇÃO AO abstracts.synt'
  157:1    comment      mod=0 '# ─────────────────────────────────────────────'
  158:1    comment      mod=0 '#'
  159:1    comment      mod=0 '# `cot` (chain-of-thought) — ausente por design. O corpus Lattes é processado em'
  160:1    comment      mod=0 '#   12 chunks com decisões de zona determinadas pelo título de seção Markdown —'
  161:1    comment      mod=0 '#   ambiguidade de codificação é rara. Se o pipeline passar a exigir raciocínio'
  162:1    comment      mod=0 '#   de processo, adicionar `cot` como OPTIONAL.'
  163:1    comment      mod=0 '#'
  164:1    comment      mod=0 '# `score FORMAT [1..4]` vs. `[1..2]` em abstracts.synt — diferença intencional:'
  165:1    comment      mod=0 '#   o lattes cobre critérios com escalas de até 4 faixas; o abstracts cobre'
  166:1    comment      mod=0 '#   apenas `Conhecimento_IA_Real` (2 faixas). Os dois campos têm o mesmo nome'
  167:1    comment      mod=0 '#   mas formatos diferentes — o join Neo4j é feito via `autor_lattes_id` e'
  168:1    comment      mod=0 '#   critério, não por schema de coluna. Pós-processamento deve normalizar a'
  169:1    comment      mod=0 '#   propriedade `score` no nó (:Criterio5A) para int sem restrição de formato.'
  170:1    comment      mod=0 '#   POLARIDADE (a partir da v0.9.0): 4 = melhor evidência, 1 = pior/ausente, em'
  171:1    comment      mod=0 '#   ambos os templates — verificar que o abstracts.synt use a mesma direção antes'
  172:1    comment      mod=0 '#   de comparar scores no grafo unificado.'
  173:1    comment      mod=0 '#'
  174:1    comment      mod=0 '# `criterio` (CODE, mantido) vs. eliminação do CODE de domínio — assimetria'
  175:1    comment      mod=0 '#   intencional: `criterio`/`score` continuam fora da camada de chain porque'
  176:1    comment      mod=0 '#   avaliam o Golden List, não o grafo de conceitos técnicos (mesmo papel de'
  177:1    comment      mod=0 '#   `criterio`/`score` no abstracts.synt, que também não viraram chain).'
  179:1    comment      mod=0 '# ============================================'
  180:1    comment      mod=0 '# CAMPOS DE SOURCE'
  181:1    comment      mod=0 '# ============================================'
  182:1    keyword      mod=1 'SOURCE'
  182:8    keyword      mod=1 'FIELDS'
  183:5    keyword      mod=1 'REQUIRED'
  183:14   property     mod=0 'lattes_id, nome, cargo_institucional'
  184:5    keyword      mod=1 'OPTIONAL'
  184:14   property     mod=0 'bolsa_produtividade, areas_de_atuacao, links_externos'
  185:1    keyword      mod=1 'END'
  185:5    keyword      mod=1 'SOURCE'
  185:12   keyword      mod=1 'FIELDS'
  187:1    keyword      mod=1 'FIELD'
  187:7    property     mod=0 'lattes_id'
  187:17   keyword      mod=1 'TYPE'
  187:22   keyword      mod=1 'TEXT'
  188:5    keyword      mod=1 'SCOPE'
  188:11   keyword      mod=1 'SOURCE'
  189:5    keyword      mod=1 'IDENTIFIES'
  189:16   enumMember   mod=0 'researcher'
  190:5    keyword      mod=1 'DESCRIPTION'
  190:17   string       mod=0 'ID numérico do currículo Lattes (16 dígitos)'
  191:5    keyword      mod=1 'GUIDELINES'
  192:9    string       mod=2 'FORMAT'
  192:15   string       mod=2 'O DE ORIGEM (linha de cabeçalho, sempre perto do topo do arquivo):'
  193:9    string       mod=2 '**ID Lattes:** [3474555741700167](http://lattes.cnpq.br/3474555741700167)'
  195:9    string       mod=2 'Passo 1: Localize a linha que começa literalmente com "**ID Lattes:**".'
  196:9    string       mod=2 'Passo 2: Extraia a sequência numérica entre colchetes `[...]` logo após'
  197:9    string       mod=2 'o rótulo — é o texto do link Markdown, não a URL.'
  198:9    string       mod=2 'Passo 3: Copie exatamente os dígitos, sem espaços, pontos, hífens ou'
  199:9    string       mod=2 'markdown residual (sem `[`, `]`, sem o link `(http://...)`).'
  200:9    string       mod=2 'Passo 4: Confira que o valor tem exatamente 16 dígitos numéricos.'
  202:9    string       mod=2 'PROIBIDO:'
  203:9    string       mod=2 '- Nunca derive o ID do nome do arquivo, mesmo que o arquivo tenha o'
  204:11   string       mod=2 'padrão "Nome_Sobrenome_<16digitos>.md" — extraia sempre do conteúdo'
  205:11   string       mod=2 'do documento, nunca do nome do arquivo.'
  206:9    string       mod=2 '- Nunca extraia dígitos da URL entre parênteses `(http://lattes.cnpq.br/...)`'
  207:11   string       mod=2 'isoladamente sem confirmar que são os mesmos do texto entre colchetes.'
  208:9    string       mod=2 '- Se a linha "**ID Lattes:**" não existir ou o valor não tiver 16'
  209:11   string       mod=2 'dígitos, NÃO invente nem complete o número — omita o campo e não'
  210:11   string       mod=2 'gere o SOURCE.'
  212:9    string       mod=2 'Exemplo: linha "**ID Lattes:** [3474555741700167](http://lattes.cnpq.br/3474555741700167)"'
  213:9    string       mod=2 '→ lattes_id: 3474555741700167'
  214:5    keyword      mod=1 'END'
  214:9    keyword      mod=1 'GUIDELINES'
  215:1    keyword      mod=1 'END'
  215:5    keyword      mod=1 'FIELD'
  217:1    keyword      mod=1 'FIELD'
  217:7    property     mod=0 'nome'
  217:12   keyword      mod=1 'TYPE'
  217:17   keyword      mod=1 'TEXT'
  218:5    keyword      mod=1 'SCOPE'
  218:11   keyword      mod=1 'SOURCE'
  219:5    keyword      mod=1 'DESCRIPTION'
  219:17   string       mod=0 'Nome do profissional'
  220:5    keyword      mod=1 'GUIDELINES'
  221:9    string       mod=2 'FORMAT'
  221:15   string       mod=2 'O DE ORIGEM: título Markdown de nível 1 (`# `), sempre a'
  222:9    string       mod=2 'primeira linha não vazia do arquivo — precede a linha "**ID Lattes:**".'
  223:9    string       mod=2 'Ex: "# Vítor Mourão Hanriot"'
  225:9    string       mod=2 'Passo 1: Leia a primeira linha do documento que começa com `# ` (um'
  226:9    string       mod=2 'único `#`, não `##` ou mais).'
  227:9    string       mod=2 'Passo 2: Copie o texto após `# ` literalmente, preservando acentos,'
  228:9    string       mod=2 'maiúsculas/minúsculas e a ordem dos nomes exatamente como aparecem.'
  229:9    string       mod=2 'Passo 3: Não confunda com o campo "Nome em citações" (lista de'
  230:9    string       mod=2 'variações abreviadas do nome, ex.: "HANRIOT, V. M.") — esse campo é'
  231:9    string       mod=2 'apenas para desambiguação bibliográfica, nunca para preencher `nome`.'
  233:9    string       mod=2 'PROIBIDO:'
  234:9    string       mod=2 '- Nunca derive o nome do nome do arquivo.'
  235:9    string       mod=2 '- Nunca use uma das variações de "Nome em citações" — sempre o título'
  236:11   string       mod=2 'H1 por extenso.'
  237:9    string       mod=2 '- Se não houver título H1 no documento, NÃO infira o nome de outra'
  238:11   string       mod=2 'seção — omita o campo e não gere o SOURCE.'
  240:9    string       mod=2 'Exemplo: primeira linha "# Vítor Mourão Hanriot"'
  241:9    string       mod=2 '→ nome: Vítor Mourão Hanriot'
  242:5    keyword      mod=1 'END'
  242:9    keyword      mod=1 'GUIDELINES'
  243:1    keyword      mod=1 'END'
  243:5    keyword      mod=1 'FIELD'
  245:1    keyword      mod=1 'FIELD'
  245:7    property     mod=0 'cargo_institucional'
  245:27   keyword      mod=1 'TYPE'
  245:32   keyword      mod=1 'TEXT'
  246:5    keyword      mod=1 'SCOPE'
  246:11   keyword      mod=1 'SOURCE'
  247:5    keyword      mod=1 'DESCRIPTION'
  247:17   string       mod=0 'Cargo e instituição do vínculo ATUAL'
  248:5    keyword      mod=1 'GUIDELINES'
  249:9    string       mod=2 'FORMAT'
  249:15   string       mod=2 "O DE ORIGEM (seção '## Atuação Profissional'): lista de vínculos,"
  250:9    string       mod=2 'cada um em 1-2 linhas. O Lattes frequentemente duplica o MESMO vínculo'
  251:9    string       mod=2 'em entradas consecutivas — uma com cargo nomeado, outra idêntica só'
  252:9    string       mod=2 'com datas — e às vezes trunca o nome da instituição:'
  253:11   string       mod=2 '- **Universidade Federal de Minas Gerais, UFMG, Brasil. — Servidor'
  254:13   string       mod=2 'público (2019 - Atual)**'
  255:13   string       mod=2 'Professor Associado'
  256:11   string       mod=2 '- **Universidade Federal de Minas Gerais, UFMG, Brasil**            <- linha de eco, ignore'
  257:11   string       mod=2 '- **Universidade Federal de (2014 - Atual)**                        <- nome truncado, ignore'
  258:13   string       mod=2 'Professor Adjunto'
  260:9    string       mod=2 'Passo 1: Filtre candidatos com marcador "Atual" (dentro do parêntese'
  261:9    string       mod=2 'de datas: "(AAAA - Atual)" ou "(MM/AAAA - Atual)").'
  262:9    string       mod=2 'Passo 2: Descarte candidatos cujo nome de instituição esteja'
  263:9    string       mod=2 'visivelmente truncado ou incompleto (ex.: "Universidade Federal de"'
  264:9    string       mod=2 'sem sigla/sufixo) — não são um vínculo distinto, são artefato de'
  265:9    string       mod=2 'parsing do Lattes.'
  266:9    string       mod=2 'Passo 3: Descarte entradas "de eco" — linha que repete o nome da'
  267:9    string       mod=2 'instituição de uma entrada anterior sem cargo nem novo intervalo de'
  268:9    string       mod=2 'datas.'
  269:9    string       mod=2 'Passo 4: Entre os candidatos restantes, escolha o vínculo "Atual" com'
  270:9    string       mod=2 'CARGO EXPLICITAMENTE NOMEADO na linha seguinte (ex.: "Professor'
  271:9    string       mod=2 'Associado", "Diretor") — não o parêntese de data isolado sem cargo.'
  272:9    string       mod=2 'Passo 5: Se houver múltiplos vínculos "Atual" com cargo nomeado (ex.:'
  273:9    string       mod=2 'um cargo acadêmico e uma função em sociedade científica), prefira o'
  274:9    string       mod=2 'de maior data de início mais recente cuja instituição corresponda ao'
  275:9    string       mod=2 '`cargo_institucional` de vínculo empregatício principal (normalmente'
  276:9    string       mod=2 'universidade/empresa, não sociedade científica ou associação).'
  278:9    string       mod=2 'FORMAT'
  278:15   string       mod=2 'O DE SAÍDA: "<Cargo> — <Instituição, Sigla>"'
  279:9    string       mod=2 'Ex.: "Professor Associado — Universidade Federal de Minas Gerais, UFMG"'
  281:9    string       mod=2 'Se nenhum vínculo "Atual" com cargo nomeado e instituição íntegra for'
  282:9    string       mod=2 'identificável, omita o campo — não infira cargo a partir de vínculos'
  283:9    string       mod=2 'sem marcador "Atual" nem complete nomes de instituição truncados.'
  284:5    keyword      mod=1 'END'
  284:9    keyword      mod=1 'GUIDELINES'
  285:1    keyword      mod=1 'END'
  285:5    keyword      mod=1 'FIELD'
  287:1    keyword      mod=1 'FIELD'
  287:7    property     mod=0 'bolsa_produtividade'
  287:27   keyword      mod=1 'TYPE'
  287:32   keyword      mod=1 'TEXT'
  288:5    keyword      mod=1 'SCOPE'
  288:11   keyword      mod=1 'SOURCE'
  289:5    keyword      mod=1 'DESCRIPTION'
  289:17   string       mod=0 'Nível da Bolsa de Produtividade CNPq, se houver'
  290:5    keyword      mod=1 'GUIDELINES'
  291:9    string       mod=2 'FORMAT'
  291:15   string       mod=2 'O DE ORIGEM (linha de cabeçalho, opcional, entre "Atualização'
  292:9    string       mod=2 'do CV" e o separador "---"):'
  293:9    string       mod=2 '**Bolsa de Produtividade:** Nível 1B'
  295:9    string       mod=2 'Extraia literalmente o valor após "Nível" (ex.: "1B", "B", "2").'
  296:9    string       mod=2 'Se a linha "**Bolsa de Produtividade:**" não existir no cabeçalho,'
  297:9    string       mod=2 'omita o campo — não infira bolsa a partir de menções no Resumo'
  298:9    string       mod=2 '(ex.: "É Bolsista de Produtividade em Pesquisa do CNPq (nível 1B)")'
  299:9    string       mod=2 'quando a linha de cabeçalho estruturada estiver ausente; se ambas'
  300:9    string       mod=2 'existirem e divergirem, prevaleça a linha de cabeçalho.'
  301:5    keyword      mod=1 'END'
  301:9    keyword      mod=1 'GUIDELINES'
  302:1    keyword      mod=1 'END'
  302:5    keyword      mod=1 'FIELD'
  304:1    keyword      mod=1 'FIELD'
  304:7    property     mod=0 'areas_de_atuacao'
  304:24   keyword      mod=1 'TYPE'
  304:29   keyword      mod=1 'TEXT'
  305:5    keyword      mod=1 'SCOPE'
  305:11   keyword      mod=1 'SOURCE'
  306:5    keyword      mod=1 'DESCRIPTION'
  306:17   string       mod=0 'Grandes áreas e subáreas CNPq declaradas'
  307:5    keyword      mod=1 'GUIDELINES'
  308:9    string       mod=2 'FORMAT'
  308:15   string       mod=2 "O DE ORIGEM (seção '## Áreas de Atuação'): uma linha por área,"
  309:9    string       mod=2 'iniciada por hífen, com segmentos separados por "/":'
  310:9    string       mod=2 '- Grande área: Engenharias / Área: Engenharia de Produção / Subárea: Pesquisa Operacional.'
  311:9    string       mod=2 '- Grande área: Ciências Exatas e da Terra / Área: Ciência da Computação / Subárea: Matemática da Computação/Especialidade: Modelos Analíticos e de Simulação.'
  313:9    string       mod=2 'Passo 1: Para cada linha da seção, remova os rótulos "Grande área:",'
  314:9    string       mod=2 '"Área:", "Subárea:" e "Especialidade:" e o ponto final, preservando'
  315:9    string       mod=2 'apenas os valores separados por " / ".'
  316:9    string       mod=2 'Passo 2: Concatene as linhas resultantes separadas por ponto-e-vírgula'
  317:9    string       mod=2 '(";"), na ordem em que aparecem no documento.'
  318:9    string       mod=2 "Passo 3: Se a seção '## Áreas de Atuação' não existir no currículo,"
  319:9    string       mod=2 'omita o campo — não infira áreas a partir do Resumo em texto livre.'
  321:9    string       mod=2 'Exemplo de saída (2 linhas de origem):'
  322:9    string       mod=2 '"Engenharias / Engenharia de Produção / Pesquisa Operacional; Ciências Exatas e da Terra / Ciência da Computação / Matemática da Computação / Modelos Analíticos e de Simulação"'
  323:5    keyword      mod=1 'END'
  323:9    keyword      mod=1 'GUIDELINES'
  324:1    keyword      mod=1 'END'
  324:5    keyword      mod=1 'FIELD'
  326:1    keyword      mod=1 'FIELD'
  326:7    property     mod=0 'links_externos'
  326:22   keyword      mod=1 'TYPE'
  326:27   keyword      mod=1 'TEXT'
  327:5    keyword      mod=1 'SCOPE'
  327:11   keyword      mod=1 'SOURCE'
  328:5    keyword      mod=1 'DESCRIPTION'
  328:17   string       mod=0 'Identificadores externos citados (ORCID, Scopus, ResearcherID, Google Scholar, ResearchGate, GitHub)'
  329:5    keyword      mod=1 'GUIDELINES'
  330:9    string       mod=2 'FORMAT'
  330:15   string       mod=2 'O DE ORIGEM: não há seção dedicada — os identificadores aparecem'
  331:9    string       mod=2 "embutidos em texto corrido no '## Resumo', em formatos heterogêneos:"
  332:11   string       mod=2 '"Researcher ID: K-1108-2012, Orcid code: 0000-0001-7781-0034, Scopus ID: 16204085000."'
  333:11   string       mod=2 '"ISI Web of Science (ResearcherID F-3937-2010), Google Scholar (https://scholar.google.com/citations?user=...) e Research Gate (https://www.researchgate.net/profile/...)"'
  335:9    string       mod=2 "Passo 1: Percorra o '## Resumo' procurando rótulos conhecidos —"
  336:9    string       mod=2 'variações de grafia são esperadas: "Researcher ID"/"ResearcherID",'
  337:9    string       mod=2 '"Orcid code"/"Orcid"/"ORCID", "Scopus ID"/"Scopus", "Google Scholar",'
  338:9    string       mod=2 '"Research Gate"/"ResearchGate", "GitHub".'
  339:9    string       mod=2 'Passo 2: Para cada rótulo encontrado, copie literalmente o'
  340:9    string       mod=2 'identificador ou URL que o segue — não normalize nem reformate'
  341:9    string       mod=2 '(ex.: mantenha a URL completa do Google Scholar como está, não'
  342:9    string       mod=2 'extraia apenas o parâmetro `user=`).'
  343:9    string       mod=2 'Passo 3: Registre no formato "Rótulo: valor", separados por'
  344:9    string       mod=2 'ponto-e-vírgula, na ordem em que aparecem no texto.'
  345:9    string       mod=2 'Passo 4: Se nenhum identificador externo for mencionado no Resumo,'
  346:9    string       mod=2 'omita o campo — não busque em outras seções nem infira a partir do'
  347:9    string       mod=2 'nome do pesquisador.'
  349:9    string       mod=2 'O ID de GitHub aqui registrado é insumo para enriquecimento externo'
  350:9    string       mod=2 '(GitHub API); não gera `criterio` diretamente — atividade de'
  351:9    string       mod=2 'repositório não é extraível do Lattes.'
  353:9    string       mod=2 'Exemplo de saída:'
  354:9    string       mod=2 '"ResearcherID: K-1108-2012; Orcid: 0000-0001-7781-0034; Scopus: 16204085000"'
  355:5    keyword      mod=1 'END'
  355:9    keyword      mod=1 'GUIDELINES'
  356:1    keyword      mod=1 'END'
  356:5    keyword      mod=1 'FIELD'
  358:1    comment      mod=0 '# ============================================'
  359:1    comment      mod=0 '# CAMPOS DE ITEM'
  360:1    comment      mod=0 '# ============================================'
  362:1    keyword      mod=1 'ITEM'
  362:6    keyword      mod=1 'FIELDS'
  363:5    keyword      mod=1 'REQUIRED'
  363:14   property     mod=0 'trecho, zona'
  364:5    keyword      mod=1 'OPTIONAL'
  364:14   property     mod=0 'criterio, score'
  365:5    keyword      mod=1 'OPTIONAL'
  365:14   keyword      mod=1 'BUNDLE'
  365:21   keyword      mod=1 'chain'
  365:26   string       mod=0 ', memo'
  366:1    keyword      mod=1 'END'
  366:5    keyword      mod=1 'ITEM'
  366:10   keyword      mod=1 'FIELDS'
  368:1    keyword      mod=1 'FIELD'
  368:7    property     mod=0 'trecho'
  368:14   keyword      mod=1 'TYPE'
  368:19   keyword      mod=1 'QUOTATION'
  369:5    keyword      mod=1 'SCOPE'
  369:11   keyword      mod=1 'ITEM'
  370:5    keyword      mod=1 'DESCRIPTION'
  370:17   string       mod=0 'Trecho literal do currículo que fundamenta a anotação'
  371:5    keyword      mod=1 'GUIDELINES'
  372:9    string       mod=2 'Copie texto literal e contíguo do Lattes, sem parafrasear.'
  373:9    string       mod=2 'Mantenha 1-2 frases completas de UMA única zona.'
  374:9    string       mod=2 'Deve ser autocontido. Alvo: 3-8 ITEMs por currículo nas zonas relevantes.'
  375:9    string       mod=2 'Se a evidência não existir no texto, NÃO crie o ITEM.'
  376:5    keyword      mod=1 'END'
  376:9    keyword      mod=1 'GUIDELINES'
  377:1    keyword      mod=1 'END'
  377:5    keyword      mod=1 'FIELD'
  379:1    keyword      mod=1 'FIELD'
  379:7    property     mod=0 'zona'
  379:12   keyword      mod=1 'TYPE'
  379:17   keyword      mod=1 'ENUMERATED'
  380:5    keyword      mod=1 'SCOPE'
  380:11   keyword      mod=1 'ITEM'
  381:5    keyword      mod=1 'DESCRIPTION'
  381:17   string       mod=0 'Zona curricular semântica do trecho (esquema LSZ — CoreSC/AZ-II adaptado ao Lattes)'
  382:5    keyword      mod=1 'VALUES'
  383:9    property     mod=0 'Identificacao_Resumo'
  383:33   string       mod=0 'Cabeçalho, endereço, bolsa, resumo livre, links, áreas CNPq'
  384:9    property     mod=0 'Formacao_Academica'
  384:33   string       mod=0 'Graduação, mestrado, doutorado, pós-doc, sanduíches'
  385:9    property     mod=0 'Atuacao_Profissional'
  385:33   string       mod=0 'Vínculos datados, cargos, coordenações, diretorias'
  386:9    property     mod=0 'Pesquisa_Projetos'
  386:33   string       mod=0 'Linhas de pesquisa, laboratórios, projetos PD&I'
  387:9    property     mod=0 'Eventos_Congressos'
  387:33   string       mod=0 'Participação e organização de congressos, workshops, escolas'
  388:9    property     mod=0 'Producao_Bibliografica'
  388:33   string       mod=0 'Artigos, capítulos, trabalhos em congressos'
  389:9    property     mod=0 'Orientacoes_Bancas'
  389:33   string       mod=0 'Orientações e participação em bancas'
  390:9    property     mod=0 'Premios_Titulos'
  390:33   string       mod=0 'Prêmios, honrarias, distinções'
  391:9    property     mod=0 'Producao_Tecnica'
  391:33   string       mod=0 'Software, trabalhos técnicos, entregas aplicadas'
  392:5    keyword      mod=1 'END'
  392:9    keyword      mod=1 'VALUES'
  393:5    keyword      mod=1 'GUIDELINES'
  394:9    string       mod=2 'Atribua exatamente UMA zona por ITEM, pela seção do Lattes de origem.'
  395:9    string       mod=2 'Use o título de seção do Markdown como sinal primário:'
  396:11   string       mod=2 "'## Formação Acadêmica'                              -> Formacao_Academica"
  397:11   string       mod=2 "'## Atuação Profissional'                            -> Atuacao_Profissional"
  398:11   string       mod=2 "'## Projetos de Pesquisa' / '## Projetos de Desenvolvimento' /"
  399:11   string       mod=2 "'## Projetos de Extensão' / '## Linhas de Pesquisa'  -> Pesquisa_Projetos"
  400:11   string       mod=2 "'## Eventos'                                         -> Eventos_Congressos"
  401:11   string       mod=2 "'## Produção Bibliográfica'                          -> Producao_Bibliografica"
  402:11   string       mod=2 "'## Orientações' / '## Participação em Bancas'      -> Orientacoes_Bancas"
  403:11   string       mod=2 "'## Prêmios e Títulos'                               -> Premios_Titulos"
  404:11   string       mod=2 "'## Produção Técnica'                                -> Producao_Tecnica"
  405:9    string       mod=2 '`zona` é metadado funcional: NÃO gera entrada de ONTOLOGY.'
  407:9    string       mod=2 'PAR CRÍTICO — use quando houver dúvida entre duas zonas:'
  409:9    string       mod=2 'Identificacao_Resumo vs Pesquisa_Projetos:'
  410:11   string       mod=2 'Identificacao_Resumo → trecho está na seção de cabeçalho ou resumo livre'
  411:34   string       mod=2 'do pesquisador; linha de pesquisa mencionada como'
  412:34   string       mod=2 'autodeclaração de identidade científica sem projeto'
  413:34   string       mod=2 'nomeado: "Atuo nas áreas de otimização e IA."'
  414:11   string       mod=2 "Pesquisa_Projetos   → trecho está na seção '## Linhas de Pesquisa',"
  415:34   string       mod=2 "'## Projetos de Pesquisa' ou equivalente; nomeia um"
  416:34   string       mod=2 'laboratório, grupo ou projeto com identidade própria:'
  417:34   string       mod=2 '"Laboratório de Otimização Aplicada (LOA/UFMG)."'
  418:11   string       mod=2 'Teste rápido: há um nome próprio de grupo, laboratório ou projeto (Pesquisa_Projetos)'
  419:11   string       mod=2 'ou apenas uma declaração de interesse temático sem entidade nomeada (Identificacao_Resumo)?'
  420:5    keyword      mod=1 'END'
  420:9    keyword      mod=1 'GUIDELINES'
  421:1    keyword      mod=1 'END'
  421:5    keyword      mod=1 'FIELD'
  423:1    keyword      mod=1 'FIELD'
  423:7    property     mod=0 'criterio'
  423:16   keyword      mod=1 'TYPE'
  423:21   keyword      mod=1 'CODE'
  424:5    keyword      mod=1 'SCOPE'
  424:11   keyword      mod=1 'ITEM'
  425:5    keyword      mod=1 'DESCRIPTION'
  425:17   string       mod=0 'Critério do Golden List Synesis que este trecho evidencia'
  426:5    keyword      mod=1 'GUIDELINES'
  427:9    string       mod=2 'Acione apenas critérios EXTRAÍVEIS do Lattes. Vocabulário permitido'
  428:9    string       mod=2 '(nomes canônicos conforme o glossário 5A Framework / Golden List Synesis):'
  430:11   string       mod=2 'Graduacao_Instituicao | Graduacao_Curso | Mestrado_Instituicao |'
  431:11   string       mod=2 'Mestrado_Area | Doutorado_Instituicao | Doutorado_Area | Titulo |'
  432:11   string       mod=2 'Laboratorio_Pesquisa | Premios_Destaque | Premios_Outros |'
  433:11   string       mod=2 'Conhecimento_IA_Real | Background_Cargos |'
  434:11   string       mod=2 'Tempo_Na_Area | Empresa_Atual | Classificacao_Cargo | Cidade |'
  435:11   string       mod=2 'MBA | Especializacao | Certificados'
  437:9    string       mod=2 'NOTA DE MAPEAMENTO — correspondência com o glossário 5A:'
  438:11   string       mod=2 '`Conhecimento_IA_Real` mapeia o critério PUBLICACAO_ACADEMICA do glossário'
  439:11   string       mod=2 '(a evidência de profundidade técnica em IA, neste template, é inferida da'
  440:11   string       mod=2 'zona e do venue — não há campo separado PROFUNDIDADE_TECNICA_IA).'
  441:11   string       mod=2 '`Premios_Destaque` e `Premios_Outros` são subdivisões do critério PREMIOS'
  442:11   string       mod=2 'do glossário; a divisão é necessária porque o glossário usa escalas distintas'
  443:11   string       mod=2 'para prêmios de destaque (Score 4/1) e outros prêmios (Score 3/1).'
  444:11   string       mod=2 'O grafo Neo4j usa estes nomes canônicos — o join com o subgrafo de abstracts.synt'
  445:11   string       mod=2 'é feito via `autor_lattes_id`, não pelo nome do critério.'
  447:9    string       mod=2 'CRITÉRIOS EXCLUÍDOS EXPLICITAMENTE (não acionar no Lattes):'
  448:11   string       mod=2 'Quantas_Empresas / Tempo_Mesma_Empresa — o Lattes lista vínculos mas'
  449:13   string       mod=2 'não permite calcular número total de empresas ou tenure por empresa com'
  450:13   string       mod=2 'confiabilidade; a verificação é feita em etapa de enriquecimento pós-Lattes.'
  451:11   string       mod=2 'Pais — o Lattes registra endereço e vínculo, mas `Cidade` captura a'
  452:13   string       mod=2 'localização; `Pais` seria redundante quando o trecho já fornece cidade e'
  453:13   string       mod=2 'estado. Se o Lattes declarar país explicitamente sem cidade, use `Cidade`'
  454:13   string       mod=2 'com o valor do país no `trecho`.'
  455:11   string       mod=2 'Todos os critérios BibTeX/GitHub/LinkedIn (PUBLICACAO_ACADEMICA via venue,'
  456:13   string       mod=2 'EXPERIENCIA_IA_GENERATIVA, PENSAMENTO_ECONOMICO_IA etc.) — evidência'
  457:13   string       mod=2 'inacessível via Lattes; resolvidos em pós-processamento externo.'
  459:9    string       mod=2 'CRITICAL — CO-DEPENDÊNCIA (parser: OPTIONAL; contrato: obrigatório):'
  460:11   string       mod=2 'IF `criterio` presente THEN `score` é OBRIGATÓRIO no mesmo ITEM.'
  461:11   string       mod=2 'IF `score` presente THEN `criterio` é OBRIGATÓRIO no mesmo ITEM.'
  462:11   string       mod=2 'ITEM'
  462:16   string       mod=2 'com apenas um dos dois é inválido para o grafo Neo4j — descarte-o.'
  463:11   string       mod=2 'Domínios/métodos técnicos (GenAI_Aplicado, Agentes_IA, metaheurística'
  464:11   string       mod=2 'etc.) NÃO pertencem aqui — registre-os como nós de `chain` (ver FIELD'
  465:11   string       mod=2 'chain'
  465:16   string       mod=2 ', NOMENCLATURA E GRANULARIDADE DOS NÓS).'
  467:9    string       mod=2 'OBRIGATÓRIO por zona — sempre que a evidência existir, acione o critério.'
  468:9    string       mod=2 'Sem o critério, o grafo Synesis no Neo4j fica cego à avaliação.'
  470:9    string       mod=2 'GATILHOS POR ZONA:'
  471:11   string       mod=2 'Formacao_Academica:'
  472:13   string       mod=2 '- doutorado  -> EMITA 3 ITEMs: Doutorado_Instituicao + Doutorado_Area + Titulo'
  473:13   string       mod=2 '- mestrado   -> EMITA 2 ITEMs: Mestrado_Instituicao + Mestrado_Area'
  474:28   string       mod=2 '(+ 1 ITEM Titulo se for o grau máximo declarado)'
  475:13   string       mod=2 '- graduação  -> EMITA 2 ITEMs: Graduacao_Instituicao + Graduacao_Curso'
  476:13   string       mod=2 '- MBA nomeado formalmente (não confundir com pós lato genérica) -> MBA'
  477:13   string       mod=2 '- especialização ou intercâmbio com instituição identificada -> Especializacao'
  478:11   string       mod=2 "Formacao_Academica (seção '## Formação Complementar'):"
  479:13   string       mod=2 '- certificado nomeado com entidade emissora (cloud, ML, IA, dados) -> Certificados'
  480:11   string       mod=2 'Atuacao_Profissional:'
  481:13   string       mod=2 '- vínculo marcado "Atual" -> EMITA 2 ITEMs: Empresa_Atual + Classificacao_Cargo'
  482:13   string       mod=2 '- vínculos com datas início-fim -> Tempo_Na_Area (some apenas períodos correlatos)'
  483:13   string       mod=2 '- cargo sem vínculo "Atual" explícito -> Classificacao_Cargo'
  484:11   string       mod=2 'Pesquisa_Projetos:'
  485:13   string       mod=2 '- laboratório ou linha de pesquisa com nome próprio -> Laboratorio_Pesquisa'
  486:11   string       mod=2 'Eventos_Congressos:'
  487:13   string       mod=2 '- participação ou organização de congresso/workshop na linha de'
  488:15   string       mod=2 'pesquisa do candidato -> Laboratorio_Pesquisa'
  489:11   string       mod=2 'Premios_Titulos:'
  490:13   string       mod=2 '- bolsa de produtividade CNPq, melhor tese, rank #1 -> Premios_Destaque'
  491:13   string       mod=2 '- outros prêmios, distinções, menções honrosas -> Premios_Outros'
  492:11   string       mod=2 'Producao_Bibliografica:'
  493:13   string       mod=2 '- artigo técnico de IA em conferência ou periódico revisado -> Conhecimento_IA_Real'
  494:11   string       mod=2 'Identificacao_Resumo:'
  495:13   string       mod=2 '- cidade ou estado declarado -> Cidade'
  496:13   string       mod=2 '- anos de experiência declarados explicitamente -> Tempo_Na_Area'
  498:9    string       mod=2 'REGRA DE MULTIPLICIDADE: quando dois critérios emergem do mesmo trecho,'
  499:9    string       mod=2 'emita dois ITEMs com o mesmo `trecho` e `zona`, variando apenas'
  500:9    string       mod=2 '`criterio` e `score`. Nunca dois critérios em um único ITEM.'
  502:9    string       mod=2 'PROIBIDO: critérios comportamentais, culturais ou de mercado — o Lattes'
  503:9    string       mod=2 'não os sustenta. Estes são resolvidos por outras fontes (LinkedIn, GitHub,'
  504:9    string       mod=2 'entrevistas), nunca pelo currículo Lattes. Ver a lista "Não extraíveis do'
  505:9    string       mod=2 'Lattes" no documento de referência lattes_estrutura_template.md.'
  506:5    keyword      mod=1 'END'
  506:9    keyword      mod=1 'GUIDELINES'
  507:1    keyword      mod=1 'END'
  507:5    keyword      mod=1 'FIELD'
  509:1    keyword      mod=1 'FIELD'
  509:7    property     mod=0 'score'
  509:13   keyword      mod=1 'TYPE'
  509:18   keyword      mod=1 'SCALE'
  510:5    keyword      mod=1 'SCOPE'
  510:11   keyword      mod=1 'ITEM'
  511:5    keyword      mod=1 'FORMAT'
  511:12   string       mod=0 '[1..4]'
  512:5    keyword      mod=1 'DESCRIPTION'
  512:17   string       mod=0 'Score sugerido pela evidência do trecho (escala Golden List, conforme o critério)'
  513:5    keyword      mod=1 'GUIDELINES'
  514:9    string       mod=2 'Atribua apenas quando `criterio` está presente. Use o valor inteiro.'
  515:9    string       mod=2 'Escalas são IRREGULARES — nem todo critério usa todas as faixas 1..4.'
  516:9    string       mod=2 'Cada critério tem seu próprio subconjunto de faixas válidas (listadas abaixo).'
  517:9    string       mod=2 'Nunca inferir faixa por plausibilidade; o `trecho` deve sustentar literalmente.'
  519:9    string       mod=2 'POLARIDADE: neste template, Score 4 = melhor evidência; Score 1 = ausente/NA.'
  520:9    string       mod=2 '(Ordem crescente, conforme dashboard Synesis v8 e glossário 5A original.)'
  521:9    string       mod=2 'Exceção: critérios com faixa máxima < 4 (ex.: Cidade, Score máximo = 4 e'
  522:9    string       mod=2 'mínimo = 2) não têm todas as faixas — use as faixas documentadas para o critério.'
  524:9    string       mod=2 '4'
  524:10   string       mod=2 ': Faixa máxima — melhor evidência possível para o critério'
  525:9    string       mod=2 '3'
  525:10   string       mod=2 ': Segunda melhor faixa (somente critérios que a possuem — indicado abaixo)'
  526:9    string       mod=2 '2'
  526:10   string       mod=2 ': Terceira faixa (somente critérios que a possuem — indicado abaixo)'
  527:9    string       mod=2 '1'
  527:10   string       mod=2 ': Faixa mínima / ausente / NA / não informado'
  529:9    string       mod=2 '── FORMAÇÃO ACADÊMICA '
  531:9    string       mod=2 'Titulo'
  532:11   string       mod=2 '4'
  532:13   string       mod=2 '= PhD / Doutorado concluído ou Doutorando'
  533:11   string       mod=2 '3'
  533:13   string       mod=2 '= Master / Mestrado concluído ou Mestrando'
  534:11   string       mod=2 '2'
  534:13   string       mod=2 '= BSc / Graduação (bacharelado)'
  535:11   string       mod=2 '1'
  535:13   string       mod=2 '= autodidata / sem grau formal declarado'
  536:11   string       mod=2 'Falso positivo: "masterclass", MBA ou curso livre NÃO são graus acadêmicos.'
  538:9    string       mod=2 'Graduacao_Instituicao | Mestrado_Instituicao | Doutorado_Instituicao'
  539:11   string       mod=2 '4'
  539:13   string       mod=2 '= ITA, IME ou instituição estrangeira top-100 mundial (ref. THE/QS/RUF)'
  540:11   string       mod=2 '3'
  540:13   string       mod=2 '= USP, UNICAMP, UFMG, UFRJ, UFPE, UFSC, UFSCar, UFRGS ou estrangeira na faixa 100–500 mundial'
  541:11   string       mod=2 '2'
  541:13   string       mod=2 '= qualquer outra instituição de ensino superior reconhecida'
  542:11   string       mod=2 '1'
  542:13   string       mod=2 '= instituição não informada / não localizável no trecho'
  543:11   string       mod=2 'Atenção: NÃO confunda a instituição do doutorado com a do emprego atual.'
  545:9    string       mod=2 'Graduacao_Curso | Mestrado_Area | Doutorado_Area'
  546:11   string       mod=2 '4'
  546:13   string       mod=2 '= Ciência da Computação, Engenharia Elétrica, Sistemas de Informação,'
  547:15   string       mod=2 'Engenharia de Controle e Automação e áreas afins diretas a Data/IA'
  548:11   string       mod=2 '3'
  548:13   string       mod=2 '= outras engenharias, matemática ou física'
  549:11   string       mod=2 '2'
  549:13   string       mod=2 '= outros cursos/áreas fora das faixas 4 e 3'
  550:11   string       mod=2 '1'
  550:13   string       mod=2 '= curso/área não informado(a) / não localizável'
  551:11   string       mod=2 'Falso positivo: nome com apelo tecnológico mas conteúdo administrativo -> 2.'
  553:9    string       mod=2 'MBA'
  554:11   string       mod=2 '4'
  554:13   string       mod=2 '= MBA internacional ou Fundação Dom Cabral'
  555:11   string       mod=2 '3'
  555:13   string       mod=2 '= MBA nacional (instituições brasileiras exceto FDC)'
  556:11   string       mod=2 '1'
  556:13   string       mod=2 '= não possui MBA  (SEM faixa 2)'
  557:11   string       mod=2 'Falso positivo: especialização lato sensu, curso executivo curto ou'
  558:11   string       mod=2 'pós-graduação chamada informalmente de MBA NÃO contam.'
  560:9    string       mod=2 'Especializacao'
  561:11   string       mod=2 '4'
  561:13   string       mod=2 '= especialização ou intercâmbio em área diretamente aplicada a Data/IA,'
  562:15   string       mod=2 'por instituição renomada'
  563:11   string       mod=2 '3'
  563:13   string       mod=2 '= curso/especialização relacionado à área OU por instituição de baixa'
  564:15   string       mod=2 'relevância internacional (Udemy, Coursera etc.), inclui técnico'
  565:11   string       mod=2 '1'
  565:13   string       mod=2 '= não possui especialização relevante  (SEM faixa 2)'
  567:9    string       mod=2 'Certificados'
  568:11   string       mod=2 '4'
  568:13   string       mod=2 '= certificado em área correlata (cloud, ML, IA, dados) por entidade'
  569:15   string       mod=2 'renomada (AWS, Google Cloud, Microsoft, Databricks etc.)'
  570:11   string       mod=2 '3'
  570:13   string       mod=2 '= certificado correlato por entidade de baixa relevância internacional'
  571:11   string       mod=2 '1'
  571:13   string       mod=2 '= não possui certificados relevantes  (SEM faixa 2)'
  572:11   string       mod=2 'Falso positivo: certificado de participação, badge sem carga horária.'
  574:9    string       mod=2 '── ATUAÇÃO PROFISSIONAL '
  576:9    string       mod=2 'Empresa_Atual'
  577:11   string       mod=2 '4'
  577:13   string       mod=2 '= ICT core / great startup / great university'
  578:15   string       mod=2 '(tecnologia/IA/dados são o core da organização)'
  579:11   string       mod=2 '3'
  579:13   string       mod=2 '= ICT non-core com bom departamento de TI / startup mediana'
  580:11   string       mod=2 '2'
  580:13   string       mod=2 '= ICT non-core com departamento de TI mediano / startup abaixo da média'
  581:11   string       mod=2 '1'
  581:13   string       mod=2 '= não trabalha atualmente / autônomo sem escopo claro'
  582:11   string       mod=2 'Falso positivo: empresa famosa em área não técnica NÃO é Score 4.'
  584:9    string       mod=2 'Classificacao_Cargo'
  585:11   string       mod=2 '4'
  585:13   string       mod=2 '= líder / altamente qualificado / pesquisador / professor'
  586:11   string       mod=2 '3'
  586:13   string       mod=2 '= engenheiro / desenvolvedor / consultor'
  587:11   string       mod=2 '2'
  587:13   string       mod=2 '= analista / estagiário'
  588:11   string       mod=2 '1'
  588:13   string       mod=2 '= NA / autônomo com cargo ambíguo'
  589:11   string       mod=2 'Classifique pelo nível REAL de responsabilidade, não pelo título formal.'
  591:9    string       mod=2 'Tempo_Na_Area'
  592:11   string       mod=2 '4'
  592:13   string       mod=2 '= 10 ou mais anos em funções correlatas a Data/IA/Eng.'
  593:11   string       mod=2 '3'
  593:13   string       mod=2 '= 5 a 10 anos'
  594:11   string       mod=2 '2'
  594:13   string       mod=2 '= 1 a 4 anos'
  595:11   string       mod=2 '1'
  595:13   string       mod=2 '= 0 anos / sem experiência correlata'
  596:11   string       mod=2 'REGRA DE EXTRAÇÃO:'
  597:13   string       mod=2 'IF o Lattes declara explicitamente "X anos de experiência" ou equivalente'
  598:15   string       mod=2 'THEN use esse valor literal como `trecho` — não recalcule.'
  599:13   string       mod=2 'ELSE some os períodos (ano_fim − ano_início) de vínculos correlatos listados.'
  600:15   string       mod=2 'Use apenas funções em Data/IA/Eng. com datas início-fim identificáveis.'
  601:15   string       mod=2 'Exclua períodos acadêmicos sem prática profissional e cargos não técnicos.'
  602:15   string       mod=2 'Se as datas estiverem incompletas ou ausentes, atribua score 1.'
  604:9    string       mod=2 'Background_Cargos'
  605:11   string       mod=2 '4'
  605:13   string       mod=2 '= histórico de cargos correlatos a Data/IA/Eng. em empresas relevantes'
  606:11   string       mod=2 '3'
  606:13   string       mod=2 '= cargos correlatos (empresas não necessariamente de destaque)'
  607:11   string       mod=2 '2'
  607:13   string       mod=2 '= pouca experiência, em áreas apenas indiretamente ligadas'
  608:11   string       mod=2 '1'
  608:13   string       mod=2 '= sem experiência na área'
  610:9    string       mod=2 '── PESQUISA E PROJETOS '
  612:9    string       mod=2 'Laboratorio_Pesquisa'
  613:11   string       mod=2 '4'
  613:13   string       mod=2 '= laboratório ou linha de pesquisa relacionada a Data/IA/perfil buscado'
  614:11   string       mod=2 '3'
  614:13   string       mod=2 '= laboratório ou linha de pesquisa NÃO relacionada ao perfil'
  615:11   string       mod=2 '1'
  615:13   string       mod=2 '= não participou de laboratório de pesquisa  (SEM faixa 2)'
  616:11   string       mod=2 'Falso positivo: disciplina acadêmica comum ou TCC sem grupo de pesquisa.'
  618:9    string       mod=2 '── PRODUÇÃO BIBLIOGRÁFICA'
  620:9    string       mod=2 'Conhecimento_IA_Real'
  621:11   string       mod=2 '4'
  621:13   string       mod=2 '= artigo técnico de IA publicado em conferência ou periódico revisado'
  622:15   string       mod=2 'por pares (aceito, não apenas submetido)'
  623:11   string       mod=2 '3'
  623:13   string       mod=2 '= artigo correlato a Data/Eng. mas não central a IA'
  624:11   string       mod=2 '1'
  624:13   string       mod=2 '= sem publicação identificável  (SEM faixa 2)'
  626:9    string       mod=2 '── PRÊMIOS E TÍTULOS'
  628:9    string       mod=2 'Premios_Destaque'
  629:11   string       mod=2 '4'
  629:13   string       mod=2 '= melhor tese, melhor aluno, rank #1, bolsa de produtividade CNPq,'
  630:15   string       mod=2 'prêmio de destaque em competição ou empresa relevante'
  631:11   string       mod=2 '1'
  631:13   string       mod=2 '= ausência de prêmio de destaque  (SEM faixas 3 e 2)'
  633:9    string       mod=2 'Premios_Outros'
  634:11   string       mod=2 '3'
  634:13   string       mod=2 '= outros prêmios, distinções, menções honrosas, publicações premiadas'
  635:11   string       mod=2 '1'
  635:13   string       mod=2 '= ausência de prêmio  (SEM faixas 4 e 2)'
  637:9    string       mod=2 '── IDENTIFICAÇÃO / RESUMO'
  639:9    string       mod=2 'Cidade'
  640:11   string       mod=2 '4'
  640:13   string       mod=2 '= Sudeste do Brasil (SP, RJ, MG, ES)'
  641:11   string       mod=2 '3'
  641:13   string       mod=2 '= demais regiões do Brasil, Inglaterra, Irlanda ou EUA'
  642:11   string       mod=2 '2'
  642:13   string       mod=2 '= outros países  (SEM faixa 1)'
  643:11   string       mod=2 'Use apenas localização atual ou base profissional declarada.'
  644:11   string       mod=2 'Não infira por universidade antiga ou sede da instituição.'
  646:9    string       mod=2 '── REGRA DE OURO'
  647:9    string       mod=2 'Se o `trecho` não sustenta a faixa, atribua 1 (ou, para critérios sem'
  648:9    string       mod=2 'faixa 1 como Cidade, use a faixa mínima disponível).'
  649:9    string       mod=2 'Nunca eleve score por plausibilidade, título informal ou cargo não confirmado.'
  650:5    keyword      mod=1 'END'
  650:9    keyword      mod=1 'GUIDELINES'
  651:1    keyword      mod=1 'END'
  651:5    keyword      mod=1 'FIELD'
  653:1    keyword      mod=1 'FIELD'
  653:7    property     mod=0 'memo'
  653:12   keyword      mod=1 'TYPE'
  653:17   keyword      mod=1 'MEMO'
  654:5    keyword      mod=1 'SCOPE'
  654:11   keyword      mod=1 'ITEM'
  655:5    keyword      mod=1 'DESCRIPTION'
  655:17   string       mod=0 'Interpretação analítica livre do trecho — inclui a auditoria de chains presentes no ITEM'
  656:5    keyword      mod=1 'GUIDELINES'
  657:9    string       mod=2 'Escreva em linguagem natural, sem formato fixo e sem contrato de'
  658:9    string       mod=2 'parse posicional. CONTRATO DE BUNDLE (validado pelo compilador):'
  659:9    string       mod=2 '`chain` e `memo` formam um OPTIONAL BUNDLE — se o ITEM tiver'
  660:9    string       mod=2 'qualquer chain, memo é OBRIGATÓRIO no mesmo ITEM (e vice-versa); um'
  661:9    string       mod=2 'ITEM'
  661:14   string       mod=2 'sem nenhum dos dois é válido. Nunca escreva uma chain sem'
  662:9    string       mod=2 'memo'
  662:14   string       mod=2 '— o compilador rejeita (`Bundle (chain, memo): campos ausentes`).'
  663:9    string       mod=2 'Diferente do antigo campo `note`, não há pareamento posicional 1:1'
  664:9    string       mod=2 'entre entradas individuais: um único memo pode cobrir todas as'
  665:9    string       mod=2 'chains do ITEM, citando cada par de conceitos para desambiguar.'
  667:9    string       mod=2 'DUAS FUNÇÕES DESTE CAMPO:'
  669:9    string       mod=2 '1'
  669:10   string       mod=2 '. AUDITORIA DE CHAIN (substitui o antigo campo `note` pareado):'
  670:12   string       mod=2 'Quando o ITEM contém uma ou mais chains, use memo para citar'
  671:12   string       mod=2 'literalmente (entre aspas duplas) o trecho do Lattes que ancora'
  672:12   string       mod=2 'cada link e para registrar o raciocínio por trás da relação'
  673:12   string       mod=2 'escolhida. Cite cada relação pelo par de conceitos para'
  674:12   string       mod=2 'desambiguar quando houver mais de uma chain no ITEM.'
  676:9    string       mod=2 '2'
  676:10   string       mod=2 '. INSIGHT SEM VÍNCULO FORMAL:'
  677:12   string       mod=2 'Use também quando o trecho carregar um insight analítico que NÃO'
  678:12   string       mod=2 'se resolve como vínculo formal entre dois conceitos — por exemplo:'
  679:12   string       mod=2 '- uma observação sobre trajetória profissional sem par conceitual'
  680:14   string       mod=2 'reutilizável;'
  681:12   string       mod=2 '- um contraste implícito entre domínios não enunciado como'
  682:14   string       mod=2 'oposição explícita (portanto insuficiente para CONTRASTS_WITH'
  683:14   string       mod=2 'em chain, mas relevante para leitura humana);'
  684:12   string       mod=2 '- uma ressalva ou nuance sobre a extração feita.'
  686:9    string       mod=2 'Não reescreva o `trecho` do ITEM verbatim; interprete-o.'
  687:9    string       mod=2 'Máximo 40 palavras por chain auditada ou por insight registrado.'
  689:9    string       mod=2 'Exemplo (auditoria de chain):'
  690:9    string       mod=2 'trecho: "aprendizado de máquina federado, que será testado no contexto'
  691:18   string       mod=2 'veicular para preservar a privacidade dos dados dos usuários"'
  692:9    string       mod=2 'chain'
  692:14   string       mod=2 ': Aprendizado_Federado -> APPLIES -> Conectividade_Veicular'
  693:9    string       mod=2 'memo'
  693:13   string       mod=2 ': Ancorado em "testado no contexto veicular" — instanciação de'
  694:15   string       mod=2 'domínio em contexto aplicado, não mecanismo causal; por isso'
  695:15   string       mod=2 'APPLIES e não ENABLES.'
  697:9    string       mod=2 'Exemplo (insight sem vínculo formal):'
  698:9    string       mod=2 'trecho: "atuou como pesquisador visitante, migrando de uma linha'
  699:18   string       mod=2 'puramente teórica para projetos com forte componente aplicado"'
  700:9    string       mod=2 'memo'
  700:13   string       mod=2 ': Contraste implícito entre pesquisa teórica e aplicada na'
  701:15   string       mod=2 'trajetória do candidato — não nomeado como oposição entre'
  702:15   string       mod=2 'construtos reutilizáveis; insuficiente para CONTRASTS_WITH em chain.'
  703:5    keyword      mod=1 'END'
  703:9    keyword      mod=1 'GUIDELINES'
  704:1    keyword      mod=1 'END'
  704:5    keyword      mod=1 'FIELD'
  706:1    keyword      mod=1 'FIELD'
  706:7    property     mod=0 'chain'
  706:13   keyword      mod=1 'TYPE'
  706:18   keyword      mod=1 'CHAIN'
  707:5    keyword      mod=1 'SCOPE'
  707:11   keyword      mod=1 'ITEM'
  708:5    keyword      mod=1 'ARITY'
  708:11   string       mod=0 '>= 2'
  709:5    keyword      mod=1 'DESCRIPTION'
  709:17   string       mod=0 'Todo conceito do trecho entra no grafo via chain — nó e aresta nomeada (não existe mais CODE autônomo).'
  710:5    keyword      mod=1 'RELATIONS'
  711:9    property     mod=0 'APPLIES'
  711:27   string       mod=0 'Um método, modelo ou framework é aplicado a um objeto ou contexto (Pesquisa_Projetos, Producao_Tecnica)'
  712:9    property     mod=0 'USES'
  712:27   string       mod=0 'Um conceito emprega outro como instrumento, dado ou insumo (Formacao_Academica, Pesquisa_Projetos)'
  713:9    property     mod=0 'MEASURES'
  713:27   string       mod=0 'Um indicador ou instrumento quantifica um construto (Premios_Titulos, Producao_Bibliografica)'
  714:9    property     mod=0 'PART_OF'
  714:27   string       mod=0 'Um conceito é componente, dimensão ou subconjunto de outro (Formacao_Academica, Pesquisa_Projetos)'
  715:9    property     mod=0 'PREDICTS'
  715:27   string       mod=0 'Um fator é empiricamente associado a variação em outro — sem mecanismo afirmado (Producao_Bibliografica)'
  716:9    property     mod=0 'ENABLES'
  716:27   string       mod=0 'Um conceito cria condição para outro ocorrer ou se expandir (Pesquisa_Projetos, Producao_Bibliografica)'
  717:9    property     mod=0 'INHIBITS'
  717:27   string       mod=0 'Um conceito reduz, bloqueia ou constrange outro (Producao_Bibliografica)'
  718:9    property     mod=0 'CONTRASTS_WITH'
  718:27   string       mod=0 'O trecho opõe explicitamente dois CONSTRUTOS — "em vez de", "ao invés de" (Formacao_Academica, Atuacao_Profissional)'
  719:9    property     mod=0 'ASSOCIATED_WITH'
  719:27   string       mod=0 'Fallback obrigatório: conceitos aparecem no mesmo trecho sem relação causal, de aplicação ou de medição sustentada — inclui mera co-ocorrência (Atuacao_Profissional, Identificacao_Resumo)'
  720:9    property     mod=0 'RELATES_TO'
  720:27   string       mod=0 'Fallback neutro para links não direcionais ou inclassificáveis quando ASSOCIATED_WITH também não se aplica (Identificacao_Resumo, Pesquisa_Projetos)'
  721:5    keyword      mod=1 'END'
  721:9    keyword      mod=1 'RELATIONS'
  722:5    keyword      mod=1 'GUIDELINES'
  723:9    string       mod=2 'NÃO HÁ CAMPO CODE AUTÔNOMO: todo construto de conhecimento, método,'
  724:9    string       mod=2 'domínio ou objeto nomeado no trecho DEVE entrar em pelo menos uma'
  725:9    string       mod=2 'chain'
  725:14   string       mod=2 '. Não existe mais uma forma de registrar um conceito "solto"'
  726:9    string       mod=2 'sem aresta — se dois ou mais conceitos aparecem no mesmo ITEM sem'
  727:9    string       mod=2 'relação causal, de aplicação ou de medição sustentada pelo texto,'
  728:9    string       mod=2 'conecte-os via ASSOCIATED_WITH (ver CASO ASSOCIATED_WITH abaixo).'
  729:9    string       mod=2 'Um ITEM com um único conceito nomeado e nenhum outro para relacionar'
  730:9    string       mod=2 'pode ficar sem chain (não há par a formar) — mas nunca omita a chain'
  731:9    string       mod=2 'apenas por não ter identificado uma relação mais forte que ASSOCIATED_WITH.'
  733:9    string       mod=2 'NOMENCLATURA E GRANULARIDADE DOS NÓS (aplica-se a todo conceito'
  734:9    string       mod=2 'usado em qualquer lado de uma chain):'
  735:9    string       mod=2 'Nomeie o construto de conhecimento, método, domínio ou objeto'
  736:9    string       mod=2 'específico que o trecho nomeia. Prefira grafias já existentes na'
  737:9    string       mod=2 'ontologia. PascalCase com underscore. Singular. Todo conceito usado'
  738:9    string       mod=2 'em chain DEVE ter um bloco ONTOLOGY correspondente.'
  740:9    string       mod=2 'GRANULARIDADE — regra epistêmica (operacionalizável trecho a trecho):'
  741:9    string       mod=2 'Registre o construto mais específico que seja um CONCEITO NOMEADO NA'
  742:9    string       mod=2 'LITERATURA DA ÁREA — identificável por um pesquisador do campo sem'
  743:9    string       mod=2 'conhecimento prévio deste currículo específico.'
  744:9    string       mod=2 'Operacionalizações particulares de um único currículo, sem nome'
  745:9    string       mod=2 'estabelecido, devem ser generalizadas para o construto que instanciam.'
  746:9    string       mod=2 'Não generalize além do necessário.'
  748:9    string       mod=2 'HIERARQUIA DE REFERÊNCIA (para consistência de nomenclatura — não é'
  749:9    string       mod=2 'uma escala de generalização automática):'
  750:9    string       mod=2 'Nível 1 (genérico):      Optimization, Learning, Machine_Learning'
  751:9    string       mod=2 'Nível 2 (qualificado):   Combinatorial_Optimization, Federated_Learning,'
  752:34   string       mod=2 'Reinforcement_Learning'
  753:9    string       mod=2 'Nível 3 (especificação): Genetic_Algorithm, GRASP_Metaheuristic, BERT_Fine_Tuning'
  754:9    string       mod=2 'Use o nível mais específico que ainda seja um conceito nomeado na'
  755:9    string       mod=2 'literatura. Avance ao Nível 3 apenas quando o Nível 2 perde distinção'
  756:9    string       mod=2 'analítica relevante para o corpus Quinto Andar.'
  758:9    string       mod=2 'TESTE DE REÚSO (contém proliferação de vocabulário no corpus):'
  759:9    string       mod=2 'Antes de cunhar um nome de nível 3, pergunte: "este termo'
  760:9    string       mod=2 'provavelmente aparecerá em outros currículos do corpus, ou é único a'
  761:9    string       mod=2 'este candidato?" Se for provavelmente único, prefira o nível 2. Alvo:'
  762:9    string       mod=2 'manter o vocabulário de conceitos do corpus abaixo de 300 nós distintos.'
  764:9    string       mod=2 'DIVISÃO DE COMPOSTOS: se "e" une dois construtos distintos com padrões'
  765:9    string       mod=2 'relacionais diferentes, divida em dois conceitos e ligue-os por chain.'
  766:9    string       mod=2 'Errado: Otimizacao_E_Aprendizado_De_Maquina'
  767:9    string       mod=2 'Certo:  Combinatorial_Optimization, Machine_Learning (ligados por'
  768:17   string       mod=2 'ASSOCIATED_WITH se não houver relação mais específica)'
  770:9    string       mod=2 'CONECTIVOS CAUSAIS: se um nome candidato codifica uma relação'
  771:9    string       mod=2 '("IA_Para_Otimizacao"), divida em dois conceitos e expresse o link como chain.'
  772:9    string       mod=2 'Errado: IA_Para_Otimizacao'
  773:9    string       mod=2 'Certo:  chain: Artificial_Intelligence -> APPLIES -> Combinatorial_Optimization'
  775:9    string       mod=2 'QUALIFICADORES CONTEXTUAIS: não crie nós de chain para período, amostra,'
  776:9    string       mod=2 'instituição, cargo ou rótulos de contexto (ex.: faixas de anos, nome de'
  777:9    string       mod=2 'empresa) salvo quando o trecho os trate como construtos independentes'
  778:9    string       mod=2 'em investigação. Contexto vai em `trecho`.'
  780:9    string       mod=2 'Forma preferida: Concept_A -> RELATION -> Concept_B (dois conceitos, uma relação).'
  782:9    string       mod=2 'SELEÇÃO DA RELAÇÃO — aplique o primeiro caso que corresponder ao texto:'
  784:9    string       mod=2 'CASO APPLIES:'
  785:13   string       mod=2 'O texto afirma que um método, modelo ou framework é aplicado a,'
  786:13   string       mod=2 'usado em, ou exemplificado em um objeto ou contexto?'
  787:13   string       mod=2 'SIM → APPLIES. Direção: método/framework à ESQUERDA, objeto à DIREITA.'
  788:13   string       mod=2 'Ex: "aprendizado federado aplicado a redes veiculares"'
  789:13   string       mod=2 '→ Federated_Learning -> APPLIES -> Vehicular_Networks'
  791:9    string       mod=2 'CASO USES:'
  792:13   string       mod=2 'O texto afirma que um conceito emprega outro como instrumento,'
  793:13   string       mod=2 'insumo ou componente — dentro de um contexto metodológico?'
  794:13   string       mod=2 'SIM → USES. Direção: conceito que emprega à ESQUERDA, instrumento à DIREITA.'
  795:13   string       mod=2 'Ex: "usamos metaheurísticas para resolver problemas de escalonamento"'
  796:13   string       mod=2 '→ Medical_Scheduling -> USES -> Metaheuristic'
  798:9    string       mod=2 'CASO MEASURES:'
  799:13   string       mod=2 'O texto afirma que um indicador, teste ou instrumento quantifica'
  800:13   string       mod=2 'ou operacionaliza um construto?'
  801:13   string       mod=2 'SIM → MEASURES. Direção: instrumento à ESQUERDA, construto à DIREITA.'
  802:13   string       mod=2 'Ex: "Índice H utilizado para avaliar sua produção em aprendizado de máquina"'
  803:13   string       mod=2 '→ H_Index -> MEASURES -> Machine_Learning'
  805:9    string       mod=2 'CASO PART_OF:'
  806:13   string       mod=2 'O texto afirma explicitamente que A é parte, componente, dimensão,'
  807:13   string       mod=2 'tipo ou subconjunto de B (usando palavras como "parte", "componente",'
  808:13   string       mod=2 '"dimensão", "tipo", "subconjunto", "inclui")?'
  809:13   string       mod=2 'SIM → PART_OF. Direção: parte à ESQUERDA, todo à DIREITA.'
  810:13   string       mod=2 'Ex: "redes neurais são o núcleo do aprendizado de máquina"'
  811:13   string       mod=2 '→ Neural_Network -> PART_OF -> Machine_Learning'
  812:13   string       mod=2 'NÃO use para enquadramento contextual ou de domínio ("IA no contexto de saúde").'
  814:9    string       mod=2 'CASO PREDICTS:'
  815:13   string       mod=2 'O texto relata uma associação empírica onde A está ligado a variação'
  816:13   string       mod=2 'em B, sem afirmar mecanismo ou suficiência?'
  817:13   string       mod=2 'SIM → PREDICTS. Direção: fator à ESQUERDA, resultado à DIREITA.'
  818:13   string       mod=2 'NÃO use quando o texto afirma mecanismo ou condição suficiente — use ENABLES.'
  819:13   string       mod=2 'NÃO use quando o texto afirma bloqueio ou redução — use INHIBITS.'
  820:13   string       mod=2 'DÚVIDA entre PREDICTS e ENABLES: o texto apenas reporta covariação'
  821:13   string       mod=2 '(PREDICTS) ou afirma que A torna B possível / cria a condição para B'
  822:13   string       mod=2 'existir (ENABLES)? Se só covariação, use PREDICTS.'
  824:9    string       mod=2 'CASO ENABLES:'
  825:13   string       mod=2 'O texto afirma que A cria condição, mecanismo ou suficiência para B'
  826:13   string       mod=2 'ocorrer, se expandir ou se tornar possível?'
  827:13   string       mod=2 'SIM → ENABLES. Direção: condição à ESQUERDA, resultado à DIREITA.'
  828:13   string       mod=2 'Ex: "privacidade diferencial permitiu conformidade com regulação sem'
  829:13   string       mod=2 'perda de utilidade do modelo"'
  830:13   string       mod=2 '→ Differential_Privacy -> ENABLES -> Regulatory_Compliance'
  831:13   string       mod=2 'NÃO use quando o texto apenas reporta covariação estatística sem'
  832:13   string       mod=2 'mecanismo — use PREDICTS.'
  834:9    string       mod=2 'CASO INHIBITS:'
  835:13   string       mod=2 'O texto afirma que A reduz, bloqueia ou constrange B?'
  836:13   string       mod=2 'SIM → INHIBITS. Direção: inibidor à ESQUERDA, inibido à DIREITA.'
  838:9    string       mod=2 'CASO CONTRASTS_WITH:'
  839:13   string       mod=2 'O texto opõe explicitamente dois CONSTRUTOS REUTILIZÁVEIS usando'
  840:13   string       mod=2 'linguagem como "em vez de", "ao invés de", "diferente de"?'
  841:13   string       mod=2 'SIM → CONTRASTS_WITH.'
  842:13   string       mod=2 'NUNCA use para oposição entre qualificadores contextuais (período,'
  843:13   string       mod=2 'instituição, cargo, empresa). Se o contraste é entre contextos de'
  844:13   string       mod=2 'trajetória, registre apenas em memo.'
  846:9    string       mod=2 'CASO ASSOCIATED_WITH (fallback obrigatório):'
  847:13   string       mod=2 'Dois ou mais conceitos nomeados aparecem no mesmo trecho, mas'
  848:13   string       mod=2 'nenhum dos casos acima (APPLIES, USES, MEASURES, PART_OF,'
  849:13   string       mod=2 'PREDICTS, ENABLES, INHIBITS, CONTRASTS_WITH) é sustentado pelo'
  850:13   string       mod=2 'texto — incluindo o caso de simples co-ocorrência sem qualquer'
  851:13   string       mod=2 'vínculo semântico afirmado (ex.: áreas de atuação listadas juntas'
  852:13   string       mod=2 'no cabeçalho)?'
  853:13   string       mod=2 'SIM → ASSOCIATED_WITH. NÃO omita a chain neste caso: todo conceito'
  854:13   string       mod=2 'nomeado precisa entrar no grafo por alguma aresta.'
  855:13   string       mod=2 'Direção: sem direção preferencial semântica; registre na ordem em'
  856:13   string       mod=2 'que os conceitos aparecem no texto.'
  857:13   string       mod=2 'Para 3+ conceitos co-ocorrentes sem vínculo mais forte, crie um'
  858:13   string       mod=2 'par ASSOCIATED_WITH para cada par relevante citado no texto — não'
  859:13   string       mod=2 'infira pares entre conceitos que nunca aparecem próximos na frase.'
  861:9    string       mod=2 'CASO RELATES_TO:'
  862:13   string       mod=2 'Nenhum dos casos acima se aplica, incluindo ASSOCIATED_WITH (ex.:'
  863:13   string       mod=2 'o vínculo é direcional mas nenhuma relação nomeada captura bem'
  864:13   string       mod=2 'a natureza do link)?'
  865:13   string       mod=2 'SIM → RELATES_TO. Use em menos de 10% das chains — na prática,'
  866:13   string       mod=2 'ASSOCIATED_WITH cobre a quase totalidade dos casos de fallback.'
  867:13   string       mod=2 'NUNCA use em zonas Producao_Bibliografica ou Pesquisa_Projetos se'
  868:13   string       mod=2 'uma relação mais específica for defensável.'
  870:9    string       mod=2 'NORMALIZAÇÃO DE DIREÇÃO — antes de escrever a chain, verifique o verbo:'
  871:9    string       mod=2 "'requer', 'depende de', 'precisa de'"
  872:13   string       mod=2 '→ dependência à ESQUERDA: Dependency -> ENABLES -> Outcome'
  873:9    string       mod=2 "'é limitado por', 'é bloqueado por', 'é restringido por'"
  874:13   string       mod=2 '→ limitador à ESQUERDA: Limiter -> INHIBITS -> Constrained'
  875:9    string       mod=2 "'leva a', 'resulta em', 'causa'"
  876:13   string       mod=2 '→ causa à ESQUERDA: use ENABLES se o texto afirma mecanismo ou'
  877:15   string       mod=2 'suficiência; use PREDICTS se o texto apenas reporta covariação.'
  878:9    string       mod=2 "'permite', 'possibilita', 'viabiliza'"
  879:13   string       mod=2 '→ facilitador à ESQUERDA: Enabler -> ENABLES -> Outcome'
  880:9    string       mod=2 "'é aplicado a', 'é usado para estudar', 'no contexto de'"
  881:13   string       mod=2 '→ método/domínio à ESQUERDA: Method -> APPLIES -> Object'
  882:9    string       mod=2 "'usa', 'emprega', 'utiliza como instrumento'"
  883:13   string       mod=2 '→ conceito que emprega à ESQUERDA: Concept -> USES -> Instrument'
  884:9    string       mod=2 "'avalia', 'quantifica', 'classifica'"
  885:13   string       mod=2 '→ indicador à ESQUERDA: Indicator -> MEASURES -> Construct'
  886:9    string       mod=2 "'em vez de', 'ao invés de', 'diferente de'"
  887:13   string       mod=2 '→ primeiro construto mencionado à ESQUERDA: Concept_A -> CONTRASTS_WITH -> Concept_B'
  889:9    string       mod=2 'COMPRIMENTO DA CHAIN:'
  890:9    string       mod=2 'Prefira chains de dois conceitos. Três ou mais conceitos apenas quando o'
  891:9    string       mod=2 'texto afirma explicitamente uma sequência que não pode ser dividida em'
  892:9    string       mod=2 'pares independentes.'
  893:9    string       mod=2 'Teste: cada link pode ser ancorado independentemente no texto?'
  894:9    string       mod=2 'SIM → divida em chains separadas.'
  895:9    string       mod=2 'NÃO → mantenha como uma chain sequencial.'
  896:9    string       mod=2 'Nunca adicione um salto para codificar contexto de instituição/período —'
  897:9    string       mod=2 'contexto vai em memo.'
  898:9    string       mod=2 'Não infira transitividade: A->B e B->C não autoriza A->B->C salvo se o'
  899:9    string       mod=2 'texto afirma o caminho completo como uma única afirmação.'
  901:9    string       mod=2 'FATORES PARALELOS (mesmo resultado, múltiplos fatores independentes):'
  902:9    string       mod=2 'Crie uma chain por par fator->resultado dentro do mesmo ITEM.'
  903:9    string       mod=2 'Teste: cada link fator->resultado sustenta-se sozinho com sua própria âncora?'
  904:9    string       mod=2 'SIM → chains paralelas, uma por par.'
  905:9    string       mod=2 'Não mescle fatores independentes em uma única chain.'
  907:9    string       mod=2 'COBERTURA:'
  908:9    string       mod=2 'Todo conceito usado em uma chain DEVE ter uma entrada ONTOLOGY.'
  909:9    string       mod=2 'Não repita Concept_A -> Concept_B dentro do mesmo SOURCE salvo se'
  910:9    string       mod=2 'a relação for claramente diferente.'
  911:9    string       mod=2 'chain'
  911:15   string       mod=2 'é o único mecanismo de registro de conceito no grafo; é'
  912:9    string       mod=2 'OPCIONAL apenas no sentido de que um ITEM sem nenhum conceito'
  913:9    string       mod=2 'nomeado (puramente factual, ex.: apenas data ou cargo) pode não ter'
  914:9    string       mod=2 'chain'
  914:15   string       mod=2 '— mas se dois ou mais conceitos nomeados aparecem, ao menos'
  915:9    string       mod=2 'uma chain (com ASSOCIATED_WITH como piso) é esperada. Toda chain'
  916:9    string       mod=2 'exige memo no mesmo ITEM (OPTIONAL BUNDLE chain, memo em ITEM'
  917:9    string       mod=2 'FIELDS'
  917:16   string       mod=2 '— validado pelo compilador; ver FIELD memo).'
  919:9    string       mod=2 'RESTRIÇÃO PESQUISA_PROJETOS / IDENTIFICACAO_RESUMO:'
  920:9    string       mod=2 'Um trecho que lista linhas de pesquisa ou declara áreas de interesse'
  921:9    string       mod=2 'enuncia intenção de investigar, não um vínculo estabelecido. NÃO use'
  922:9    string       mod=2 'relações causais/de aplicação (APPLIES, ENABLES, PREDICTS etc.)'
  923:9    string       mod=2 'nessas zonas apenas porque dois conceitos são co-mencionados como'
  924:9    string       mod=2 'área de atuação. Se necessário registrar a co-menção, use'
  925:9    string       mod=2 'ASSOCIATED_WITH ou RELATES_TO (ver guia de relação por zona abaixo) —'
  926:9    string       mod=2 'nunca inferir um vínculo mais forte do que o texto sustenta.'
  928:9    string       mod=2 'Guia de relação por zona:'
  929:9    string       mod=2 'Formacao_Academica     → preferidos: PART_OF, USES, ASSOCIATED_WITH (fallback)'
  930:9    string       mod=2 'Atuacao_Profissional   → preferidos: APPLIES, ASSOCIATED_WITH'
  931:9    string       mod=2 'Pesquisa_Projetos      → preferidos: APPLIES, ENABLES, ASSOCIATED_WITH (fallback)'
  932:9    string       mod=2 'Producao_Bibliografica → preferidos: PREDICTS, ENABLES, MEASURES, ASSOCIATED_WITH (fallback)'
  933:9    string       mod=2 'Orientacoes_Bancas     → preferidos: ENABLES, ASSOCIATED_WITH'
  934:9    string       mod=2 'Premios_Titulos        → preferidos: MEASURES, CONTRASTS_WITH'
  935:9    string       mod=2 'Producao_Tecnica       → preferidos: APPLIES, USES'
  936:9    string       mod=2 'Identificacao_Resumo   → preferidos: ASSOCIATED_WITH ou RELATES_TO para'
  937:22   string       mod=2 'co-menção de área (chains causais/de aplicação são raras'
  938:22   string       mod=2 'nesta zona — ver RESTRIÇÃO PESQUISA_PROJETOS/IDENTIFICACAO_RESUMO)'
  940:9    string       mod=2 'Exemplo few-shot (relação específica):'
  941:9    string       mod=2 'Trecho: "Índice H utilizado para avaliar sua produção em aprendizado de máquina"'
  942:9    string       mod=2 '→ chain: H_Index -> MEASURES -> Machine_Learning'
  944:9    string       mod=2 'Exemplo few-shot (fallback ASSOCIATED_WITH):'
  945:9    string       mod=2 'Trecho: "Atuo nas áreas de otimização, aprendizado de máquina e'
  946:17   string       mod=2 'sistemas complexos."'
  947:9    string       mod=2 '→ chain: Optimization -> ASSOCIATED_WITH -> Machine_Learning'
  948:9    string       mod=2 '→ chain: Machine_Learning -> ASSOCIATED_WITH -> Complex_Systems'
  949:9    string       mod=2 '(áreas de atuação autodeclaradas no cabeçalho, sem projeto ou'
  950:9    string       mod=2 'mecanismo que as ligue — ASSOCIATED_WITH registra a co-ocorrência'
  951:9    string       mod=2 'sem forçar uma relação mais forte que o texto não sustenta)'
  952:5    keyword      mod=1 'END'
  952:9    keyword      mod=1 'GUIDELINES'
  953:1    keyword      mod=1 'END'
  953:5    keyword      mod=1 'FIELD'
  955:1    comment      mod=0 '# ============================================'
  956:1    comment      mod=0 '# CAMPOS DE ONTOLOGY'
  957:1    comment      mod=0 '# ============================================'
  958:1    comment      mod=0 '#'
  959:1    comment      mod=0 '# A ontologia serve a um único tipo de nó: construtos de conhecimento'
  960:1    comment      mod=0 '# (nós de chain — não há mais CODE autônomo), com granularidade expressa na'
  961:1    comment      mod=0 '# própria nomenclatura do conceito (ver HIERARQUIA DE REFERÊNCIA em FIELD chain).'
  962:1    comment      mod=0 '# Zonas (`zone`) e critérios (`criterio`/`score`) NÃO geram'
  963:1    comment      mod=0 '# entradas de ontologia.'
  965:1    keyword      mod=1 'ONTOLOGY'
  965:10   keyword      mod=1 'FIELDS'
  966:5    keyword      mod=1 'REQUIRED'
  966:14   keyword      mod=1 'ontology'
  966:22   string       mod=0 '_description'
  967:5    keyword      mod=1 'OPTIONAL'
  967:14   keyword      mod=1 'topic'
  968:1    keyword      mod=1 'END'
  968:5    keyword      mod=1 'ONTOLOGY'
  968:14   keyword      mod=1 'FIELDS'
  970:1    keyword      mod=1 'FIELD'
  970:7    property     mod=0 'ontology_description'
  970:28   keyword      mod=1 'TYPE'
  970:33   keyword      mod=1 'TEXT'
  971:5    keyword      mod=1 'SCOPE'
  971:11   keyword      mod=1 'ONTOLOGY'
  972:5    keyword      mod=1 'DESCRIPTION'
  972:17   string       mod=0 'Definição semântica do conceito (40-70 palavras), baseada exclusivamente no uso no corpus.'
  973:5    keyword      mod=1 'GUIDELINES'
  974:9    string       mod=2 'Estrutura:'
  975:9    string       mod=2 '(1) Significado central no domínio de produção de conhecimento acadêmico.'
  976:9    string       mod=2 '(2) O que o distingue de conceitos próximos.'
  977:9    string       mod=2 '(3) Como pesquisadores o operacionalizam neste corpus.'
  978:9    string       mod=2 'Escreva definições neutras quanto a relação: prefira "ligado a", "associado com",'
  979:9    string       mod=2 '"aparece com" em vez de termos de papel causal (influencia, causa, determina,'
  980:9    string       mod=2 'antecedente, resultado, preditor).'
  981:9    string       mod=2 'Baseie-se exclusivamente nos trechos coletados. Sem teoria externa ou resultados.'
  982:5    keyword      mod=1 'END'
  982:9    keyword      mod=1 'GUIDELINES'
  983:1    keyword      mod=1 'END'
  983:5    keyword      mod=1 'FIELD'
  985:1    keyword      mod=1 'FIELD'
  985:7    property     mod=0 'topic'
  985:13   keyword      mod=1 'TYPE'
  985:18   keyword      mod=1 'TOPIC'
  986:5    keyword      mod=1 'SCOPE'
  986:11   keyword      mod=1 'ONTOLOGY'
  987:5    keyword      mod=1 'DESCRIPTION'
  987:17   string       mod=0 'Categoria-pai do conceito no domínio Synesis'
  988:5    keyword      mod=1 'GUIDELINES'
  989:9    string       mod=2 'Escolha uma categoria:'
  990:9    string       mod=2 'Method      — algoritmos, técnicas, abordagens computacionais'
  991:23   string       mod=2 '(ex.: Genetic_Algorithm, Neural_Network, Integer_Programming)'
  992:9    string       mod=2 'Technology  — plataformas, ferramentas, stacks aplicadas'
  993:23   string       mod=2 '(ex.: Generative_AI, MLOps, Knowledge_Graph)'
  994:9    string       mod=2 'Knowledge   — domínios de conhecimento científico ou disciplinar'
  995:23   string       mod=2 '(ex.: Operations_Research, Graph_Theory, Statistics)'
  996:9    string       mod=2 'Innovation  — aplicações e produtos emergentes em contexto de negócio'
  997:23   string       mod=2 '(ex.: Agent_Systems, Real_Estate_Tech)'
  998:9    string       mod=2 'Economics   — domínios de negócio, mercado, finanças aplicadas'
  999:23   string       mod=2 '(ex.: Credit_Risk, Financial_Optimization)'
 1001:9    string       mod=2 'Use a categoria-pai mais próxima. Não crie subcategorias.'
 1002:9    string       mod=2 'Para conceitos que expressam um domínio de aplicação amplo (ex.:'
 1003:9    string       mod=2 'Machine_Learning, Artificial_Intelligence, Real_Estate_Tech), escolha'
 1004:9    string       mod=2 'a categoria que melhor captura esse campo de aplicação'
 1005:9    string       mod=2 '(ex.: Machine_Learning -> Method; Artificial_Intelligence -> Knowledge;'
 1006:9    string       mod=2 'Real_Estate_Tech -> Innovation).'
 1008:9    string       mod=2 'PARES COM FRONTEIRA IMPRECISA — use quando houver dúvida:'
 1010:9    string       mod=2 'Method vs Technology:'
 1011:11   string       mod=2 'Method      → algoritmo, técnica ou abordagem computacional — o que é'
 1012:25   string       mod=2 'feito metodologicamente (ex.: Genetic_Algorithm, BERT_Fine_Tuning,'
 1013:25   string       mod=2 'Gradient_Boosting, Integer_Programming).'
 1014:11   string       mod=2 'Technology  → plataforma, ferramenta, stack ou paradigma tecnológico —'
 1015:25   string       mod=2 'o ambiente ou infraestrutura em que métodos operam'
 1016:25   string       mod=2 '(ex.: MLOps, Knowledge_Graph, Generative_AI, Edge_Computing).'
 1017:11   string       mod=2 'Teste: o conceito nomeia um procedimento/algoritmo (Method) ou um'
 1018:11   string       mod=2 'sistema/plataforma habilitador (Technology)?'
 1020:9    string       mod=2 'Knowledge vs Innovation:'
 1021:11   string       mod=2 'Knowledge   → domínio disciplinar ou campo científico estabelecido, sem'
 1022:25   string       mod=2 'vínculo primário com produto ou negócio'
 1023:25   string       mod=2 '(ex.: Operations_Research, Graph_Theory, Information_Theory).'
 1024:11   string       mod=2 'Innovation  → aplicação emergente com impacto em produto ou mercado,'
 1025:25   string       mod=2 'mesmo que baseada em conhecimento científico'
 1026:25   string       mod=2 '(ex.: Agent_Systems, Real_Estate_Tech, Recommender_System).'
 1027:11   string       mod=2 'Teste: o conceito é um campo de estudo (Knowledge) ou uma aplicação'
 1028:11   string       mod=2 'com valor de produto (Innovation)?'
 1030:9    string       mod=2 'Economics vs Innovation:'
 1031:11   string       mod=2 'Economics   → grandeza, variável ou sistema de mercado/negócio avaliado'
 1032:25   string       mod=2 'em termos quantitativos ou de dimensionamento, sem ênfase'
 1033:25   string       mod=2 'em novidade de produto (ex.: Biogas_Consumption,'
 1034:25   string       mod=2 'Biomass_Demand, Credit_Risk).'
 1035:11   string       mod=2 'Innovation  → aplicação, produto ou sistema tecnológico emergente cujo'
 1036:25   string       mod=2 'valor está na novidade ou no potencial de mercado do'
 1037:25   string       mod=2 'artefato em si (ex.: Decentralized_Energy_System,'
 1038:25   string       mod=2 'Turbocharger, Agent_Systems).'
 1039:11   string       mod=2 'Teste: o conceito é uma grandeza ou insumo mensurável dentro de um'
 1040:11   string       mod=2 'sistema (Economics) ou é o próprio sistema/artefato emergente sendo'
 1041:11   string       mod=2 'avaliado (Innovation)? Conceitos correlatos do mesmo domínio (ex.:'
 1042:11   string       mod=2 'Biogas_Production vs Biogas) podem legitimamente cair em categorias'
 1043:11   string       mod=2 'diferentes — não force uniformidade entre termos da mesma família.'
 1044:5    keyword      mod=1 'END'
 1044:9    keyword      mod=1 'GUIDELINES'
 1045:1    keyword      mod=1 'END'
 1045:5    keyword      mod=1 'FIELD'
